// Jest Snapshot v1, https://goo.gl/fbAQLP

exports[`<SearchCategory /> debe desplegar correctamente 1`] = `
<form
  onSubmit={[Function]}
>
  <pre>
    ""
  </pre>
  <input
    onChange={[Function]}
    type="text"
    value=""
  />
</form>
`;
